%!Adobe-FontList 1.23
%Locale:0x409

%BeginFont
Handler:DirectoryHandler
FontType:Invalid
OutlineFileName:/Users/cmr/Scholtysik & Partner Dropbox/Cornelia Mayer/230821_bkb_esg-report/230822_bkb_esg-report Ordner/Document fonts/AdobeFnt23.lst
FileLength:1406
FileModTime:721659072
%EndFont

%BeginFont
Handler:DirectoryHandler
FontType:TrueType
FontName:NeueHaasUnicaPro-Light
FamilyName:Neue Haas Unica Pro
StyleName:Light
MenuName:Neue Haas Unica Pro Light
StyleBits:0
WeightClass:350
WidthClass:5
AngleClass:0
FullName:Neue Haas Unica Pro Light
WritingScript:Roman
OutlineFileName:/Users/cmr/Scholtysik & Partner Dropbox/Cornelia Mayer/230821_bkb_esg-report/230822_bkb_esg-report Ordner/Document fonts/NEUEHAASUNICAPRO-LIGHT.TTF
DataFormat:sfntData
hasSVG:no
VariableFontType:NonVariableFont
FileLength:122224
FileModTime:706447402
NameArray:0,Mac,4,Neue Haas Unica Pro Light
NameArray:0,Win,1,Neue Haas Unica Pro Light
NameArray:0,Win,16,Neue Haas Unica Pro
%EndFont

%BeginFont
Handler:DirectoryHandler
FontType:TrueType
FontName:NeueHaasUnicaPro-Medium
FamilyName:Neue Haas Unica Pro
StyleName:Medium
MenuName:Neue Haas Unica Pro Medium
StyleBits:0
WeightClass:500
WidthClass:5
AngleClass:0
FullName:Neue Haas Unica Pro Medium
WritingScript:Roman
OutlineFileName:/Users/cmr/Scholtysik & Partner Dropbox/Cornelia Mayer/230821_bkb_esg-report/230822_bkb_esg-report Ordner/Document fonts/NEUEHAASUNICAPRO-MEDIUM.TTF
DataFormat:sfntData
hasSVG:no
VariableFontType:NonVariableFont
FileLength:122144
FileModTime:706447403
NameArray:0,Mac,4,Neue Haas Unica Pro Medium
NameArray:0,Win,1,Neue Haas Unica Pro Medium
NameArray:0,Win,16,Neue Haas Unica Pro
%EndFont

