%!Adobe-FontList 1.23
%Locale:0x409

%BeginFont
Handler:DirectoryHandler
FontType:Invalid
OutlineFileName:/Volumes/JB/JuliusBaer/2022/11_Guidelines/03091122002_Update_Publication_Landscape/3_Kreation/1_LAY/Phase_03/0309_210x297_Factsheet_V02/Document fonts/AdobeFnt23.lst
FileLength:1401
FileModTime:677431759
%EndFont

%BeginFont
Handler:DirectoryHandler
FontType:TrueType
FontName:VerlagOffice-Bold
FamilyName:Verlag Office
StyleName:Bold
MenuName:Verlag Office
StyleBits:2
WeightClass:700
WidthClass:5
AngleClass:0
FullName:VerlagOffice-Bold
WritingScript:Roman
OutlineFileName:/Volumes/JB/JuliusBaer/2022/11_Guidelines/03091122002_Update_Publication_Landscape/3_Kreation/1_LAY/Phase_03/0309_210x297_Factsheet_V02/Document fonts/VerlagOffice-Bold.ttf
DataFormat:sfntData
hasSVG:no
VariableFontType:NonVariableFont
FileLength:126472
FileModTime:502635208
NameArray:0,Mac,18,Verlag Office Bold
NameArray:0,Mac,4,Verlag Office Bold
NameArray:0,Win,1,Verlag Office
%EndFont

%BeginFont
Handler:DirectoryHandler
FontType:TrueType
FontName:VerlagOffice-Regular
FamilyName:Verlag Office
StyleName:Regular
MenuName:Verlag Office
StyleBits:0
WeightClass:400
WidthClass:5
AngleClass:0
FullName:VerlagOffice-Regular
WritingScript:Roman
OutlineFileName:/Volumes/JB/JuliusBaer/2022/11_Guidelines/03091122002_Update_Publication_Landscape/3_Kreation/1_LAY/Phase_03/0309_210x297_Factsheet_V02/Document fonts/VerlagOffice-Regular.ttf
DataFormat:sfntData
hasSVG:no
VariableFontType:NonVariableFont
FileLength:128352
FileModTime:502635209
NameArray:0,Mac,18,Verlag Office
NameArray:0,Mac,4,Verlag Office Regular
NameArray:0,Win,1,Verlag Office
%EndFont

