%!Adobe-FontList 1.23
%Locale:0x409

%BeginFont
Handler:DirectoryHandler
FontType:Invalid
OutlineFileName:/Users/sarah/Alliance Creative Dropbox/1. Creative files/AC Live Work 2023/Phoenix - Standard Life/PHO00073 ESG Factsheets/PDF/FINAL/PHO00073 AC_CIS RI factsheet_AW_19JULY Folder/Document fonts/AdobeFnt23.lst
FileLength:7776
FileModTime:711631551
%EndFont

%BeginFont
Handler:DirectoryHandler
FontType:Type1
FontName:FuturaStd-Light
FamilyName:Futura Std
StyleName:Light
MenuName:Futura Std Light
StyleBits:0
WeightClass:300
WidthClass:5
AngleClass:0
FullName:Futura Std Light
WritingScript:Roman
OutlineFileName:/Users/sarah/Alliance Creative Dropbox/1. Creative files/AC Live Work 2023/Phoenix - Standard Life/PHO00073 ESG Factsheets/PDF/FINAL/PHO00073 AC_CIS RI factsheet_AW_19JULY Folder/Document fonts/FuturaStd-Light.otf
DataFormat:sfntData
UsesStandardEncoding:yes
isCFF:yes
hasSVG:no
hasCOLR:no
VariableFontType:NonVariableFont
FileLength:26172
FileModTime:74470656
NameArray:0,Mac,4,Futura Std Light
NameArray:0,Win,1,Futura Std Light
NameArray:0,Win,16,Futura Std
%EndFont

%BeginFont
Handler:DirectoryHandler
FontType:Type1
FontName:MinionPro-Regular
FamilyName:Minion Pro
StyleName:Regular
MenuName:Minion Pro
StyleBits:0
WeightClass:400
WidthClass:5
AngleClass:0
FullName:Minion Pro
WritingScript:Roman
OutlineFileName:/Users/sarah/Alliance Creative Dropbox/1. Creative files/AC Live Work 2023/Phoenix - Standard Life/PHO00073 ESG Factsheets/PDF/FINAL/PHO00073 AC_CIS RI factsheet_AW_19JULY Folder/Document fonts/MinionPro-Regular.otf
DataFormat:sfntData
UsesStandardEncoding:yes
isCFF:yes
hasSVG:no
hasCOLR:no
VariableFontType:NonVariableFont
FileLength:218640
FileModTime:711120443
DesignSize:110
NameArray:0,Mac,4,Minion Pro
NameArray:0,Win,1,Minion Pro
%EndFont

%BeginFont
Handler:DirectoryHandler
FontType:Type1
FontName:UniversLTStd-Bold
FamilyName:Univers LT Std
StyleName:65 Bold
MenuName:Univers LT Std 45 Light
StyleBits:2
WeightClass:700
WidthClass:5
AngleClass:0
FullName:Univers LT Std 65 Bold
WritingScript:Roman
OutlineFileName:/Users/sarah/Alliance Creative Dropbox/1. Creative files/AC Live Work 2023/Phoenix - Standard Life/PHO00073 ESG Factsheets/PDF/FINAL/PHO00073 AC_CIS RI factsheet_AW_19JULY Folder/Document fonts/UniversLTStd-Bold.otf
DataFormat:sfntData
UsesStandardEncoding:yes
isCFF:yes
hasSVG:no
hasCOLR:no
VariableFontType:NonVariableFont
FileLength:34720
FileModTime:74470718
NameArray:0,Mac,4,Univers LT Std 65 Bold
NameArray:0,Win,1,Univers LT Std 45 Light
NameArray:0,Win,16,Univers LT Std
%EndFont

%BeginFont
Handler:DirectoryHandler
FontType:Type1
FontName:UniversLTStd-Light
FamilyName:Univers LT Std
StyleName:45 Light
MenuName:Univers LT Std 45 Light
StyleBits:0
WeightClass:300
WidthClass:5
AngleClass:0
FullName:Univers LT Std 45 Light
WritingScript:Roman
OutlineFileName:/Users/sarah/Alliance Creative Dropbox/1. Creative files/AC Live Work 2023/Phoenix - Standard Life/PHO00073 ESG Factsheets/PDF/FINAL/PHO00073 AC_CIS RI factsheet_AW_19JULY Folder/Document fonts/UniversLTStd-Light.otf
DataFormat:sfntData
UsesStandardEncoding:yes
isCFF:yes
hasSVG:no
hasCOLR:no
VariableFontType:NonVariableFont
FileLength:32832
FileModTime:74470718
NameArray:0,Mac,4,Univers LT Std 45 Light
NameArray:0,Win,1,Univers LT Std 45 Light
NameArray:0,Win,16,Univers LT Std
%EndFont

%BeginFont
Handler:DirectoryHandler
FontType:Type1
FontName:UniversLTStd-Obl
FamilyName:Univers LT Std
StyleName:55 Oblique
MenuName:Univers LT Std 55
StyleBits:1
WeightClass:400
WidthClass:5
AngleClass:1
FullName:Univers LT Std 55 Oblique
WritingScript:Roman
OutlineFileName:/Users/sarah/Alliance Creative Dropbox/1. Creative files/AC Live Work 2023/Phoenix - Standard Life/PHO00073 ESG Factsheets/PDF/FINAL/PHO00073 AC_CIS RI factsheet_AW_19JULY Folder/Document fonts/UniversLTStd-Obl.otf
DataFormat:sfntData
UsesStandardEncoding:yes
isCFF:yes
hasSVG:no
hasCOLR:no
VariableFontType:NonVariableFont
FileLength:34788
FileModTime:74470720
NameArray:0,Mac,18,Univers LT Std 55 Obl
NameArray:0,Mac,4,Univers LT Std 55 Oblique
NameArray:0,Win,1,Univers LT Std 55
NameArray:0,Win,16,Univers LT Std
%EndFont

%BeginFont
Handler:DirectoryHandler
FontType:Type1
FontName:UniversLTStd
FamilyName:Univers LT Std
StyleName:55 Roman
MenuName:Univers LT Std 55
StyleBits:0
WeightClass:400
WidthClass:5
AngleClass:0
FullName:Univers LT Std 55 Roman
WritingScript:Roman
OutlineFileName:/Users/sarah/Alliance Creative Dropbox/1. Creative files/AC Live Work 2023/Phoenix - Standard Life/PHO00073 ESG Factsheets/PDF/FINAL/PHO00073 AC_CIS RI factsheet_AW_19JULY Folder/Document fonts/UniversLTStd.otf
DataFormat:sfntData
UsesStandardEncoding:yes
isCFF:yes
hasSVG:no
hasCOLR:no
VariableFontType:NonVariableFont
FileLength:33452
FileModTime:74470718
NameArray:0,Mac,18,Univers LT Std 55
NameArray:0,Mac,4,Univers LT Std 55 Roman
NameArray:0,Win,1,Univers LT Std 55
NameArray:0,Win,16,Univers LT Std
%EndFont

%BeginFont
Handler:DirectoryHandler
FontType:TrueType
FontName:Futura-Bold
FamilyName:Futura
StyleName:Bold
MenuName:Futura
StyleBits:2
WeightClass:700
WidthClass:5
AngleClass:0
FullName:Futura Bold
WritingScript:Roman
OutlineFileName:/Users/sarah/Alliance Creative Dropbox/1. Creative files/AC Live Work 2023/Phoenix - Standard Life/PHO00073 ESG Factsheets/PDF/FINAL/PHO00073 AC_CIS RI factsheet_AW_19JULY Folder/Document fonts/Futura.ttc
TTCOffset:612
DataFormat:sfntData
hasSVG:no
hasCOLR:no
VariableFontType:NonVariableFont
FileLength:487620
FileModTime:708516509
NameArray:0,Mac,4,Futura Bold
%EndFont

%BeginFont
Handler:DirectoryHandler
FontType:TrueType
FontName:Futura-CondensedExtraBold
FamilyName:Futura
StyleName:Condensed ExtraBold
MenuName:Futura
StyleBits:2
WeightClass:800
WidthClass:3
AngleClass:0
FullName:Futura Condensed ExtraBold
WritingScript:Roman
OutlineFileName:/Users/sarah/Alliance Creative Dropbox/1. Creative files/AC Live Work 2023/Phoenix - Standard Life/PHO00073 ESG Factsheets/PDF/FINAL/PHO00073 AC_CIS RI factsheet_AW_19JULY Folder/Document fonts/Futura.ttc
TTCOffset:1196
DataFormat:sfntData
hasSVG:no
hasCOLR:no
VariableFontType:NonVariableFont
FileLength:487620
FileModTime:708516509
NameArray:0,Mac,4,Futura Condensed ExtraBold
%EndFont

%BeginFont
Handler:DirectoryHandler
FontType:TrueType
FontName:Futura-CondensedMedium
FamilyName:Futura
StyleName:Condensed Medium
MenuName:Futura
StyleBits:0
WeightClass:500
WidthClass:3
AngleClass:0
FullName:Futura Condensed Medium
WritingScript:Roman
OutlineFileName:/Users/sarah/Alliance Creative Dropbox/1. Creative files/AC Live Work 2023/Phoenix - Standard Life/PHO00073 ESG Factsheets/PDF/FINAL/PHO00073 AC_CIS RI factsheet_AW_19JULY Folder/Document fonts/Futura.ttc
TTCOffset:912
DataFormat:sfntData
hasSVG:no
hasCOLR:no
VariableFontType:NonVariableFont
FileLength:487620
FileModTime:708516509
NameArray:0,Mac,4,Futura Condensed Medium
%EndFont

%BeginFont
Handler:DirectoryHandler
FontType:TrueType
FontName:Futura-Medium
FamilyName:Futura
StyleName:Medium
MenuName:Futura
StyleBits:0
WeightClass:500
WidthClass:5
AngleClass:0
FullName:Futura Medium
WritingScript:Roman
OutlineFileName:/Users/sarah/Alliance Creative Dropbox/1. Creative files/AC Live Work 2023/Phoenix - Standard Life/PHO00073 ESG Factsheets/PDF/FINAL/PHO00073 AC_CIS RI factsheet_AW_19JULY Folder/Document fonts/Futura.ttc
TTCOffset:44
DataFormat:sfntData
hasSVG:no
hasCOLR:no
VariableFontType:NonVariableFont
FileLength:487620
FileModTime:708516509
NameArray:0,Mac,4,Futura Medium
%EndFont

%BeginFont
Handler:DirectoryHandler
FontType:TrueType
FontName:Futura-MediumItalic
FamilyName:Futura
StyleName:Medium Italic
MenuName:Futura
StyleBits:1
WeightClass:500
WidthClass:5
AngleClass:1
FullName:Futura Medium Italic
WritingScript:Roman
OutlineFileName:/Users/sarah/Alliance Creative Dropbox/1. Creative files/AC Live Work 2023/Phoenix - Standard Life/PHO00073 ESG Factsheets/PDF/FINAL/PHO00073 AC_CIS RI factsheet_AW_19JULY Folder/Document fonts/Futura.ttc
TTCOffset:328
DataFormat:sfntData
hasSVG:no
hasCOLR:no
VariableFontType:NonVariableFont
FileLength:487620
FileModTime:708516509
NameArray:0,Mac,4,Futura Medium Italic
%EndFont

