%!Adobe-FontList 1.23
%Locale:0x809

%BeginFont
Handler:DirectoryHandler
FontType:Type1
FontName:SantanderHeadline-Bold
FamilyName:Santander Headline
StyleName:Bold
FullName:Santander Headline Bold
MenuName:Santander Headline
StyleBits:2
WritingScript:Roman
OutlineFileName:C:\Users\E1217872\Santander Office 365\Distribution & Client Services - UK Marketing Shared Drive\Brand and Design\Factsheet Redesign 2024\Factsheet Redesign Package for FE\Document fonts\SantanderHeadline-Bold.otf
DataFormat:sfntData
UsesStandardEncoding:yes
isCFF:yes
hasSVG:no
VariableFontType:NonVariableFont
FileLength:139588
FileModTime:1541497594
WeightClass:700
WidthClass:5
AngleClass:0
NameArray:0,Mac,4,Santander Headline Bold
NameArray:0,Win,1,Santander Headline
NameArray:0,Win,16,Santander Headline
%EndFont

%BeginFont
Handler:DirectoryHandler
FontType:Type1
FontName:SantanderHeadline-Regular
FamilyName:Santander Headline
StyleName:Regular
FullName:Santander Headline Regular
MenuName:Santander Headline
StyleBits:0
WritingScript:Roman
OutlineFileName:C:\Users\E1217872\Santander Office 365\Distribution & Client Services - UK Marketing Shared Drive\Brand and Design\Factsheet Redesign 2024\Factsheet Redesign Package for FE\Document fonts\SantanderHeadline-Regular.otf
DataFormat:sfntData
UsesStandardEncoding:yes
isCFF:yes
hasSVG:no
VariableFontType:NonVariableFont
FileLength:138268
FileModTime:1541497594
WeightClass:400
WidthClass:5
AngleClass:0
NameArray:0,Mac,4,Santander Headline Regular
NameArray:0,Win,1,Santander Headline
NameArray:0,Win,16,Santander Headline
%EndFont

%BeginFont
Handler:DirectoryHandler
FontType:Type1
FontName:SantanderHeadlineLight
FamilyName:Santander Headline
StyleName:Light
FullName:Santander Headline Light
MenuName:Santander Headline Light
StyleBits:0
WritingScript:Roman
OutlineFileName:C:\Users\E1217872\Santander Office 365\Distribution & Client Services - UK Marketing Shared Drive\Brand and Design\Factsheet Redesign 2024\Factsheet Redesign Package for FE\Document fonts\SantanderHeadlineLight.otf
DataFormat:sfntData
UsesStandardEncoding:yes
isCFF:yes
hasSVG:no
VariableFontType:NonVariableFont
FileLength:72816
FileModTime:1639139528
WeightClass:300
WidthClass:5
AngleClass:0
NameArray:0,Mac,4,Santander Headline Light
NameArray:0,Win,1,Santander Headline Light
NameArray:0,Win,16,Santander Headline
%EndFont

%BeginFont
Handler:DirectoryHandler
FontType:Type1
FontName:SantanderText-Bold
FamilyName:Santander Text
StyleName:Bold
FullName:Santander Text Bold
MenuName:Santander Text
StyleBits:2
WritingScript:Roman
OutlineFileName:C:\Users\E1217872\Santander Office 365\Distribution & Client Services - UK Marketing Shared Drive\Brand and Design\Factsheet Redesign 2024\Factsheet Redesign Package for FE\Document fonts\SantanderText-Bold.otf
DataFormat:sfntData
UsesStandardEncoding:yes
isCFF:yes
hasSVG:no
VariableFontType:NonVariableFont
FileLength:139608
FileModTime:1541497594
WeightClass:700
WidthClass:5
AngleClass:0
NameArray:0,Mac,4,Santander Text Bold
NameArray:0,Win,1,Santander Text
NameArray:0,Win,16,Santander Text
%EndFont

%BeginFont
Handler:DirectoryHandler
FontType:Type1
FontName:SantanderText-Light
FamilyName:Santander Text
StyleName:Light
FullName:Santander Text Light
MenuName:Santander Text Light
StyleBits:0
WritingScript:Roman
OutlineFileName:C:\Users\E1217872\Santander Office 365\Distribution & Client Services - UK Marketing Shared Drive\Brand and Design\Factsheet Redesign 2024\Factsheet Redesign Package for FE\Document fonts\SantanderText-Light.otf
DataFormat:sfntData
UsesStandardEncoding:yes
isCFF:yes
hasSVG:no
VariableFontType:NonVariableFont
FileLength:137612
FileModTime:1541497594
WeightClass:300
WidthClass:5
AngleClass:0
NameArray:0,Mac,4,Santander Text Light
NameArray:0,Win,1,Santander Text Light
NameArray:0,Win,16,Santander Text
%EndFont

%BeginFont
Handler:DirectoryHandler
FontType:Type1
FontName:SantanderText-Regular
FamilyName:Santander Text
StyleName:Regular
FullName:Santander Text Regular
MenuName:Santander Text
StyleBits:0
WritingScript:Roman
OutlineFileName:C:\Users\E1217872\Santander Office 365\Distribution & Client Services - UK Marketing Shared Drive\Brand and Design\Factsheet Redesign 2024\Factsheet Redesign Package for FE\Document fonts\SantanderText-Regular.otf
DataFormat:sfntData
UsesStandardEncoding:yes
isCFF:yes
hasSVG:no
VariableFontType:NonVariableFont
FileLength:138172
FileModTime:1541497594
WeightClass:400
WidthClass:5
AngleClass:0
NameArray:0,Mac,4,Santander Text Regular
NameArray:0,Win,1,Santander Text
NameArray:0,Win,16,Santander Text
%EndFont

